// Jest Snapshot v1, https://goo.gl/fbAQLP

exports[`App renders correctly 1`] = `
<DocumentFragment>
  <div
    class="app"
  >
    <img
      alt="nasa-logo"
      class="app__nasa-logo"
      src="nasa-worm-logo.jpg"
    />
    <input
      class="search__input"
      placeholder="Enter image keywords here"
      type="search"
    />
  </div>
</DocumentFragment>
`;
